Not Found: /static/styles.css
Not Found: /static/instal.jpg
Not Found: /static/installation.png
Not Found: /static/hk.png
Not Found: /static/hilook.avif
Not Found: /static/support.png
Not Found: /static/ezvis.png
Not Found: /static/oliz.webp
Not Found: /static/vianet.png
Not Found: /static/byd.png
Not Found: /static/nt.png
Not Found: /static/dhl.svg
Not Found: /static/verification.png
Not Found: /static/dhl.png
Not Found: /static/bhatb.png
Not Found: /static/people.png
Not Found: /static/quality.png
Not Found: /static/cf.png
Not Found: /static/camera1.mp4
Not Found: /static/tools.png
Not Found: /static/styles.css
Not Found: /static/hilook.avif
Not Found: /static/ezvis.png
Not Found: /static/instal.jpg
Not Found: /static/tools.png
Not Found: /static/oliz.webp
Not Found: /static/installation.png
Not Found: /static/vianet.png
Not Found: /static/support.png
Not Found: /static/byd.png
Not Found: /static/dhl.svg
Not Found: /static/nt.png
Not Found: /static/dhl.png
Not Found: /static/verification.png
Not Found: /static/people.png
Not Found: /static/quality.png
Not Found: /static/bhatb.png
Not Found: /static/cf.png
Not Found: /static/camera1.mp4
Not Found: /static/hk.png
Not Found: /static/cf.png
Not Found: /static/styles.css
Not Found: /static/ezvis.png
Not Found: /static/support.png
Not Found: /static/installation.png
Not Found: /static/hk.png
Not Found: /static/hilook.avif
Not Found: /static/instal.jpg
Not Found: /static/byd.png
Not Found: /static/tools.png
Not Found: /static/bhatb.png
Not Found: /static/dhl.svg
Not Found: /static/oliz.webp
Not Found: /static/nt.png
Not Found: /static/cf.png
Not Found: /static/dhl.png
Not Found: /static/vianet.png
Not Found: /static/verification.png
Not Found: /static/quality.png
Not Found: /static/camera1.mp4
Not Found: /static/people.png
Not Found: /static/cf.png
Not Found: /static/styles.css
Not Found: /static/hk.png
Not Found: /static/ezvis.png
Not Found: /static/installation.png
Not Found: /static/oliz.webp
Not Found: /static/bhatb.png
Not Found: /static/vianet.png
Not Found: /static/byd.png
Not Found: /static/tools.png
Not Found: /static/dhl.svg
Not Found: /static/nt.png
Not Found: /static/verification.png
Not Found: /static/people.png
Not Found: /static/quality.png
Not Found: /static/camera1.mp4
Not Found: /static/cf.png
Not Found: /static/dhl.png
Not Found: /static/instal.jpg
Not Found: /static/hilook.avif
Not Found: /static/support.png
Not Found: /static/styles.css
Not Found: /static/styles.css
Not Found: /static/ezvis.png
Not Found: /static/hilook.avif
Not Found: /static/installation.png
Not Found: /static/tools.png
Not Found: /static/support.png
Not Found: /static/nt.png
Not Found: /static/dhl.svg
Not Found: /static/vianet.png
Not Found: /static/oliz.webp
Not Found: /static/bhatb.png
Not Found: /static/byd.png
Not Found: /static/dhl.png
Not Found: /static/verification.png
Not Found: /static/people.png
Not Found: /static/cf.png
Not Found: /static/quality.png
Not Found: /static/camera1.mp4
Not Found: /static/instal.jpg
Not Found: /static/hk.png
Not Found: /static/styles.css
Not Found: /static/hk.png
Not Found: /static/ezvis.png
Not Found: /static/instal.jpg
Not Found: /static/installation.png
Not Found: /static/tools.png
Not Found: /static/oliz.webp
Not Found: /static/nt.png
Not Found: /static/dhl.svg
Not Found: /static/support.png
Not Found: /static/dhl.png
Not Found: /static/bhatb.png
Not Found: /static/quality.png
Not Found: /static/verification.png
Not Found: /static/cf.png
Not Found: /static/people.png
Not Found: /static/camera1.mp4
Not Found: /static/hilook.avif
Not Found: /static/byd.png
Not Found: /static/vianet.png
Not Found: /static/styles.css
Not Found: /static/hilook.avif
Not Found: /static/support.png
Not Found: /static/ezvis.png
Not Found: /static/tools.png
Not Found: /static/instal.jpg
Not Found: /static/installation.png
Not Found: /static/oliz.webp
Not Found: /static/vianet.png
Not Found: /static/dhl.svg
Not Found: /static/byd.png
Not Found: /static/nt.png
Not Found: /static/bhatb.png
Not Found: /static/dhl.png
Not Found: /static/camera1.mp4
Not Found: /static/quality.png
Not Found: /static/verification.png
Not Found: /static/people.png
Not Found: /static/cf.png
Not Found: /static/hk.png
Not Found: /robots.txt
Not Found: /robots.txt
Not Found: /home
Not Found: /robots.txt
Not Found: /home
Invalid HTTP_HOST header: 'mail.cctvnepal.com.np'. You may need to add 'mail.cctvnepal.com.np' to ALLOWED_HOSTS.
Bad Request: /
Not Found: /robots.txt
Not Found: /robots.txt
Not Found: /product/2mp-ir-bullet-poc-camera-ds-2ce16d0t-irpe-power-over-coax/
Not Found: /product/2mp-ir-bullet-poc-camera-ds-2ce16d0t-irpe-power-over-coax/
Not Found: /robots.txt
Not Found: /robots.txt
Not Found: /robots.txt
Not Found: /robots.txt
Not Found: /robots.txt
Not Found: /robots.txt
Not Found: /robots.txt
Not Found: /robots.txt
Not Found: /robots.txt
Not Found: /robots.txt
Not Found: /xmlrpc.php
Not Found: /robots.txt
Not Found: /robots.txt
Not Found: /robots.txt
Not Found: /sitemap.txt
Not Found: /product/pbx-system-2co8ext-tad-208/
Not Found: /robots.txt
Not Found: /product/pbx-system-2co8ext-tad-208/
Not Found: /robots.txt
Not Found: /robots.txt
Not Found: /robots.txt
Not Found: /robots.txt
Not Found: /robots.txt
Not Found: /robots.txt
Not Found: /robots.txt
Not Found: /wordpress/
Not Found: /old/
Not Found: /blog/
Not Found: /wp/
Not Found: /backup/
Not Found: /new/
Not Found: /sitemap.txt
Not Found: /robots.txt
Not Found: /product-category/led-moniter/
Not Found: /robots.txt
Not Found: /static/support.png
Not Found: /wp-content/uploads/2020/07/unnamed.jpg
Not Found: /wp-content/uploads/2020/07/unnamed.jpg
Not Found: /robots.txt
Not Found: /product/ds-7204huhi-k1/
Not Found: /robots.txt
Not Found: /product/ds-7204huhi-k1/
Not Found: /robots.txt
Not Found: /robots.txt
Not Found: /robots.txt
Not Found: /robots.txt
Not Found: /robots.txt
Not Found: /robots.txt
Not Found: /robots.txt
Not Found: /robots.txt
Not Found: /robots.txt
Not Found: /product/3556/
Not Found: /robots.txt
Not Found: /product/3556/
Not Found: /robots.txt
Not Found: /robots.txt
Not Found: /robots.txt
Not Found: /robots.txt
Not Found: /robots.txt
Not Found: /robots.txt
Not Found: /product-category/network-video-recorder/hikvision-nvr/
Not Found: /robots.txt
Not Found: /product-category/network-video-recorder/hikvision-nvr/
Not Found: /robots.txt
Not Found: /robots.txt
Not Found: /robots.txt
Not Found: /robots.txt
Not Found: /robots.txt
Not Found: /robots.txt
Not Found: /robots.txt
Invalid HTTP_HOST header: 'mail.cctvnepal.com.np'. You may need to add 'mail.cctvnepal.com.np' to ALLOWED_HOSTS.
Bad Request: /wp/
Invalid HTTP_HOST header: 'mail.cctvnepal.com.np'. You may need to add 'mail.cctvnepal.com.np' to ALLOWED_HOSTS.
Bad Request: /new/
Invalid HTTP_HOST header: 'mail.cctvnepal.com.np'. You may need to add 'mail.cctvnepal.com.np' to ALLOWED_HOSTS.
Bad Request: /wordpress/
Invalid HTTP_HOST header: 'mail.cctvnepal.com.np'. You may need to add 'mail.cctvnepal.com.np' to ALLOWED_HOSTS.
Bad Request: /blog/
Invalid HTTP_HOST header: 'mail.cctvnepal.com.np'. You may need to add 'mail.cctvnepal.com.np' to ALLOWED_HOSTS.
Bad Request: /backup/
Invalid HTTP_HOST header: 'mail.cctvnepal.com.np'. You may need to add 'mail.cctvnepal.com.np' to ALLOWED_HOSTS.
Bad Request: /old/
Invalid HTTP_HOST header: 'mail.cctvnepal.com.np'. You may need to add 'mail.cctvnepal.com.np' to ALLOWED_HOSTS.
Bad Request: /
Not Found: /home
Not Found: /robots.txt
Not Found: /product/3057/
Invalid HTTP_HOST header: 'www.cctvnepal.com.np.hitzz.co'. You may need to add 'www.cctvnepal.com.np.hitzz.co' to ALLOWED_HOSTS.
Bad Request: /robots.txt
Invalid HTTP_HOST header: 'www.cctvnepal.com.np.hitzz.co'. You may need to add 'www.cctvnepal.com.np.hitzz.co' to ALLOWED_HOSTS.
Bad Request: /
Not Found: /wp-content/uploads/2020/02/DS-2CE71D0T-PIRL.jpg
Not Found: /robots.txt
Not Found: /static/styles.css
Not Found: /product/ds-1lh1sca3c-090b/
Not Found: /robots.txt
Not Found: /product/ds-1lh1sca3c-090b/
Not Found: /robots.txt
Not Found: /robots.txt
Not Found: /robots.txt
Not Found: /robots.txt
Not Found: /robots.txt
Not Found: /robots.txt
Not Found: /robots.txt
Invalid HTTP_HOST header: 'mail.cctvnepal.com.np'. You may need to add 'mail.cctvnepal.com.np' to ALLOWED_HOSTS.
Bad Request: /
Not Found: /robots.txt
Not Found: /product/ds-2cd1301-i/
Not Found: /product/ds-2cd1301-i/
Not Found: /robots.txt
Not Found: /robots.txt
Not Found: /robots.txt
Not Found: /robots.txt
Not Found: /robots.txt
Not Found: /robots.txt
Not Found: /robots.txt
Not Found: /product-category/switch/hikvision/
Not Found: /robots.txt
Not Found: /product-category/switch/hikvision/
Not Found: /robots.txt
Not Found: /robots.txt
Not Found: /robots.txt
Not Found: /robots.txt
Not Found: /robots.txt
Not Found: /robots.txt
Not Found: /robots.txt
Not Found: /robots.txt
Not Found: /2021/04/17/c8c-ezviz/
Not Found: /wp-content/uploads/2016/01/5-m-2-ary1.png
Not Found: /wp-content/uploads/2016/01/5-m-2-ary1.png
Not Found: /product-category/thermal-camera/
Not Found: /favicon.ico
Not Found: /wp-content/uploads/2020/02/DS-2CE76DOT-ITPFS.jpg
Not Found: /wp-content/uploads/2020/02/DS-2CE76DOT-ITPFS.jpg
Not Found: /product/ds-6908udi-8-ch-video-decoder/
Not Found: /robots.txt
Not Found: /static/styles.css
Not Found: /static/hilook.avif
Not Found: /static/instal.jpg
Not Found: /static/installation.png
Not Found: /static/support.png
Not Found: /static/vianet.png
Not Found: /static/byd.png
Not Found: /static/oliz.webp
Not Found: /static/hk.png
Not Found: /static/ezvis.png
Not Found: /static/nt.png
Not Found: /static/tools.png
Not Found: /static/dhl.svg
Not Found: /static/bhatb.png
Not Found: /static/verification.png
Not Found: /static/cf.png
Not Found: /static/quality.png
Not Found: /static/dhl.png
Not Found: /static/people.png
Not Found: /static/camera1.mp4
Not Found: /static/styles.css
Not Found: /static/hk.png
Not Found: /static/hilook.avif
Not Found: /static/installation.png
Not Found: /static/instal.jpg
Not Found: /static/support.png
Not Found: /static/byd.png
Not Found: /static/bhatb.png
Not Found: /static/dhl.png
Not Found: /static/vianet.png
Not Found: /static/nt.png
Not Found: /static/people.png
Not Found: /static/oliz.webp
Not Found: /static/dhl.svg
Not Found: /static/verification.png
Not Found: /static/quality.png
Not Found: /static/cf.png
Not Found: /static/camera1.mp4
Not Found: /static/ezvis.png
Not Found: /static/tools.png
Not Found: /static/cf.png
Not Found: /static/styles.css
Not Found: /static/installation.png
Not Found: /static/hilook.avif
Not Found: /static/instal.jpg
Not Found: /static/tools.png
Not Found: /static/byd.png
Not Found: /static/support.png
Not Found: /static/vianet.png
Not Found: /static/oliz.webp
Not Found: /static/cf.png
Not Found: /static/people.png
Not Found: /static/verification.png
Not Found: /static/nt.png
Not Found: /static/dhl.png
Not Found: /static/dhl.svg
Not Found: /static/bhatb.png
Not Found: /static/camera1.mp4
Not Found: /static/quality.png
Not Found: /static/hk.png
Not Found: /static/ezvis.png
Not Found: /product/cs-cv246-b0-1c1wfr-ezviz-1mp-c6cn-ez360-wi-fi-pt-camera/
Not Found: /product/cs-cv246-b0-1c1wfr-ezviz-1mp-c6cn-ez360-wi-fi-pt-camera/
Not Found: /robots.txt
Not Found: /service
Not Found: /product/st-ip570s-ip-camera-5-megapixel-new/
Not Found: /robots.txt
Not Found: /product/st-ip570s-ip-camera-5-megapixel-new/
Not Found: /robots.txt
Not Found: /robots.txt
Not Found: /robots.txt
Not Found: /robots.txt
Not Found: /robots.txt
Not Found: /robots.txt
Not Found: /robots.txt
Not Found: /robots.txt
Not Found: /robots.txt
Not Found: /home
Not Found: /robots.txt
Not Found: /wp-content/uploads/2019/11/EZV-CS-C1C-D0-1D1WFR-750x750.jpg
Not Found: /wp-content/uploads/2019/11/EZV-CS-C1C-D0-1D1WFR-750x750.jpg
Not Found: /robots.txt
Not Found: /product/ds-2ce16hot-itf/
Not Found: /wp-content/uploads/2019/05/Hikvision-DS-7104-7108-7116HGHI-SDL356600602-1-4a524.jpg
Not Found: /favicon.ico
Not Found: /static/cf.png
Not Found: /robots.txt
Not Found: /robots.txt
Not Found: /product/fingerprint-access-control-terminal-ds-k1t804ef-1-em-card-ds-k1t804mf-1-mifare-card/
Not Found: /product/fingerprint-access-control-terminal-ds-k1t804ef-1-em-card-ds-k1t804mf-1-mifare-card/
Not Found: /robots.txt
Not Found: /robots.txt
Not Found: /robots.txt
Not Found: /robots.txt
Not Found: /robots.txt
Not Found: /robots.txt
Not Found: /robots.txt
Not Found: /product/16-ch-embedded-nvr-4-sata-ds-7716ni-e4/
Not Found: /product-category/ip-ptz/ip-camera/
Not Found: /product-category/ip-ptz/ip-camera/
Not Found: /wp-content/uploads/2020/02/wifi-1hik.png
Not Found: /product/nano-station-m5/
Not Found: /static/styles.css
Not Found: /static/support.png
Not Found: /static/hk.png
Not Found: /static/nt.png
Not Found: /static/dhl.png
Not Found: /static/dhl.svg
Not Found: /static/ezvis.png
Not Found: /static/installation.png
Not Found: /static/tools.png
Not Found: /static/byd.png
Not Found: /static/vianet.png
Not Found: /static/bhatb.png
Not Found: /static/people.png
Not Found: /static/quality.png
Not Found: /static/camera1.mp4
Not Found: /static/oliz.webp
Not Found: /static/verification.png
Not Found: /static/cf.png
Not Found: /static/hilook.avif
Not Found: /static/instal.jpg
Not Found: /static/cf.png
Not Found: /static/styles.css
Not Found: /static/hilook.avif
Not Found: /static/hk.png
Not Found: /static/tools.png
Not Found: /static/instal.jpg
Not Found: /static/support.png
Not Found: /static/dhl.svg
Not Found: /static/oliz.webp
Not Found: /static/byd.png
Not Found: /static/vianet.png
Not Found: /static/nt.png
Not Found: /static/dhl.png
Not Found: /static/people.png
Not Found: /static/verification.png
Not Found: /static/cf.png
Not Found: /static/camera1.mp4
Not Found: /static/quality.png
Not Found: /static/bhatb.png
Not Found: /static/ezvis.png
Not Found: /static/installation.png
Not Found: /static/cf.png
Not Found: /robots.txt
Not Found: /robots.txt
Not Found: /product/2mp-indoor-ir-turret-turbo-hd-camera-built-in-mic-audio-up-coaxial-ds-2ce76dot-itpfs/
Not Found: /robots.txt
Not Found: /product/ds-2cd1201-i3/
Not Found: /static/verification.png
Not Found: /wordpress/
Not Found: /new/
Not Found: /old/
Not Found: /wp/
Not Found: /blog/
Not Found: /backup/
Not Found: /product/ds-2cd2143go-i/
Not Found: /product-category/dvr/page/2/
Not Found: /product-category/accessories/
Not Found: /robots.txt
Not Found: /product/face-recognition-fingerprint-em-card-terminal-ds-k1t605ef/
Not Found: /product/face-recognition-fingerprint-em-card-terminal-ds-k1t605ef/
Not Found: /robots.txt
Not Found: /robots.txt
Not Found: /robots.txt
Not Found: /robots.txt
Not Found: /robots.txt
Not Found: /robots.txt
Not Found: /robots.txt
Not Found: /product-category/network-video-recorder/hikvision-nvr/
Not Found: /product-category/thermal-camera/
Not Found: /product/ds-2ce56dot-it1e/
Not Found: /product/8-port-web-managed-poe-switch-ds-3e1310p-e/
Not Found: /product/3586/
Not Found: /product/4-port-poe-switch-ds-3e0105p-e/
Not Found: /product-category/ip-camera-2/vacron-ip-camera/
Not Found: /product/5mp-indoor-ir-turret-turbo-hd-camera-built-in-mic-audio-up-coaxial-ds-2ce76hot-itpfs/
Not Found: /product-category/wireless-device/
Not Found: /product/ds-2cd1321-i/
Not Found: /shop/page/2/
Not Found: /product/32-ch-embedded-nvr-ds-7632ni-e2/
Not Found: /product/3531/
Not Found: /product-category/dome-security-camera/
Not Found: /product/3525/
Not Found: /product/3057/
Not Found: /product-category/wireless-security/
Not Found: /product/nano-station-m5/
Not Found: /product/ds-2ce16hot-itf/
Not Found: /product/hdw1000r/
Not Found: /product/ezviz-2mp-c1c-indoor-wi-fi-camera-cs-c1c-d0-1d2wfr/
Not Found: /product-category/ip-camera-2/wilson-ip-camera/
Not Found: /product-category/wifi-camera/
Not Found: /product/ds-2ae5225ti-a/
Not Found: /product-category/network-video-recorder/hikvision-nvr/page/2/
Not Found: /product/ds-9664ni-i8/
Not Found: /ezviz/
Not Found: /product-category/walkie-talkie/
Not Found: /product-category/ip-camera-2/page/5/
Not Found: /product/panovu-360panoramic-ptz-camera-ds-2pt3326iz-de3/
Not Found: /2013/01/01/cctvnepal/
Not Found: /all-about-us/
/home/hitzzco/virtualenv/cctvnepal/3.7/lib/python3.7/site-packages/django/contrib/sitemaps/__init__.py:115: UnorderedObjectListWarning: Pagination may yield inconsistent results with an unordered object_list: <class 'store.models.Product'> QuerySet.
  return paginator.Paginator(self._items(), self.limit)
Not Found: /product-category/accessories/
Not Found: /robots.txt
Not Found: /product-category/accessories/
Not Found: /robots.txt
Not Found: /robots.txt
Not Found: /robots.txt
Not Found: /robots.txt
Not Found: /robots.txt
Not Found: /robots.txt
Not Found: /robots.txt
Not Found: /product/ds-3e0105d-e-hikvision-5-port-100m-network-switch/
Not Found: /product/16-ch-turbo-hd-dvr-xvr-metal-housing-ds-7216hghi-f2-2-sata/
Not Found: /product/ds-3e0108d-e-hikvision-8-port-100m-network-switch/
Not Found: /product/4mp-25x-network-4-ir-ptz-camera-ds-2de4425iw-ded/
Not Found: /product/ds-2ce16dot-vfir3f/
Not Found: /product/hikvision-16-port-poe-switch-ds-3e0318p-em/
Not Found: /product-category/ip-camera-2/hikvision-ip-camera/
Not Found: /product-category/pabx/
Not Found: /product/32-ch-turbo-hd-dvr-xvr-metal-housing-ds-7232hghi-k2-2-sata-turbo-hd-4-0/
Not Found: /product/mobile-dvr/
Not Found: /product/2mp-ir-bullet-h-265-network-camera-ds-2cd1023goe-i-ds-2cd1023go-i/
Not Found: /product/handheld-two-way-radio-walkie-talkie-abell-a-80/
Not Found: /product/ds-k1t331-ds-k1t331w-wi-fi/
Not Found: /tag/css/
Not Found: /product/ds-2ce56h5t-itze/
Invalid HTTP_HOST header: 'mail.cctvnepal.com.np'. You may need to add 'mail.cctvnepal.com.np' to ALLOWED_HOSTS.
Bad Request: /backup/
Invalid HTTP_HOST header: 'mail.cctvnepal.com.np'. You may need to add 'mail.cctvnepal.com.np' to ALLOWED_HOSTS.
Bad Request: /old/
Invalid HTTP_HOST header: 'mail.cctvnepal.com.np'. You may need to add 'mail.cctvnepal.com.np' to ALLOWED_HOSTS.
Bad Request: /new/
Invalid HTTP_HOST header: 'mail.cctvnepal.com.np'. You may need to add 'mail.cctvnepal.com.np' to ALLOWED_HOSTS.
Bad Request: /wordpress/
Invalid HTTP_HOST header: 'mail.cctvnepal.com.np'. You may need to add 'mail.cctvnepal.com.np' to ALLOWED_HOSTS.
Bad Request: /
Invalid HTTP_HOST header: 'mail.cctvnepal.com.np'. You may need to add 'mail.cctvnepal.com.np' to ALLOWED_HOSTS.
Bad Request: /wp/
Invalid HTTP_HOST header: 'mail.cctvnepal.com.np'. You may need to add 'mail.cctvnepal.com.np' to ALLOWED_HOSTS.
Bad Request: /blog/
Not Found: /product/cs-c1c-d0-1d1wfr/
Not Found: /robots.txt
/home/hitzzco/virtualenv/cctvnepal/3.7/lib/python3.7/site-packages/django/contrib/sitemaps/__init__.py:115: UnorderedObjectListWarning: Pagination may yield inconsistent results with an unordered object_list: <class 'store.models.Product'> QuerySet.
  return paginator.Paginator(self._items(), self.limit)
Not Found: /product-category/switch/
Not Found: /product-category/ip-camera-2/page/3/
Not Found: /product/ds-3e0108d-e-hikvision-8-port-100m-network-switch/
Not Found: /robots.txt
Not Found: /product/ds-3e0108d-e-hikvision-8-port-100m-network-switch/
Not Found: /product-category/ahd-hd-camera/hikvision-ahd-camera/
Not Found: /product-category/led-monitor/
Not Found: /product/2mp-ir-bullet-turbo-hd-camera-built-in-mic-audio-up-coaxial-ds-2ce16dot-itpfs/
Not Found: /product-category/network-video-recorder/dahua-nvr/
Not Found: /product/colorvu-full-time-color-turret-camera-ds-2ce10dft-pfc/
Not Found: /product/ds-3e1310p-e/
Not Found: /product-category/ip-camera-2/page/4/
Not Found: /wp-content/uploads/2020/02/2018120415439186643.jpg
Not Found: /product/2mp-fixed-dome-network-camera-ds-2cd2120f-i-2-8mm/
Not Found: /product/4mp-fixed-dome-network-camera-ds-2cd2142wd2-8mm/
Not Found: /product/cs-cv310-a0-1b2wfr-4mm-ezviz-2mp-c3w-ezguard-outdoor-wi-fi-camera-strobe-light-and-siren/
Not Found: /product/32-ch-embedded-nvr-4-sata-ds-7732ni-e4/
Not Found: /my-account-2/
Not Found: /product/4-ch-embedded-mini-nvr-ds-7104ni-q1/
Not Found: /product-category/ip-camera-2/vacron-ip-camera/ip-outdoor-camera/
Not Found: /robots.txt
Not Found: /product/fingerprint-access-control-terminal-ds-k1t804ef-1-em-card-ds-k1t804mf-1-mifare-card/
Not Found: /product-category/ip-ptz/ip-ptz-camera/
Not Found: /product/cs-cv246-b0-1c1wfr-ezviz-1mp-c6cn-ez360-wi-fi-pt-camera/
Not Found: /product/ds-k1a8503f-fingerprint-time-attendance-terminal/
Not Found: /wordpress/
Not Found: /blog/
Not Found: /old/
Not Found: /backup/
Not Found: /wp/
Not Found: /new/
Not Found: /product-category/ip-camera-2/
Not Found: /shop/
Not Found: /product/darkfighterx-25x-8-ir-network-speed-dome-ds-2df8225ih-ael-ultra-low-light-smart-ptz-camera/
Not Found: /product-category/switch/hikvision/
Not Found: /product-category/network-video-recorder/
Not Found: /product/mobile-dvr/
Not Found: /product/lpr-camera/
Not Found: /product/2mp-fixed-dome-network-camera-ds-2cd2120f-i-2-8mm/
Not Found: /product-category/ip-camera-2/hikvision-ip-camera/page/2/
Not Found: /product/3548/
Not Found: /product-category/switch/dahua/
Not Found: /product/ezviz-2mp-c1c-indoor-wi-fi-camera-cs-c1c-d0-1d2wfr/
Not Found: /product-category/hdcvi/
Not Found: /product/12mp-wdr-ir-360-panoramic-fisheye-network-camera-ipc-6-line-ds-2cd63c2f-is-12mp-1-19mm/
Not Found: /product/ds-2ce56h1t-itm/
Not Found: /product/handheld-two-way-radio-walkie-talkie-abell-a-82/
Not Found: /product-category/network-video-recorder/hikvision-nvr/
Not Found: /product-category/ip-camera-2/hikvision-ip-camera/
Not Found: /product-category/ip-camera-2/vacron-ip-camera/ip-outdoor-camera/
Not Found: /product/6mp-ir-fixed-bullet-network-camera-50m-ds-2cd2t63g0-i5/
Not Found: /product-tag/wireless-camera/
Not Found: /product/deepinview-dual-lens-facial-recognition-ir-network-camera-ids-2cd8426g0-f-i/
Not Found: /author/admin/
Not Found: /product-category/time-attendance-finger-print/
Not Found: /home
Not Found: /product-tag/wireless-camera/
Not Found: /product/wi-fi-nvr-cs-x5s-8w-ezviz-8-channel-high-performance/
Not Found: /product/pbx-system-4co32ext-tad-432/
Not Found: /product/ds-3e0508d-e-hikvision-8-port-gigabit-unmanaged-switch/
Not Found: /product-category/ahd-outdoor-camera/
Not Found: /product/ds-3e0505d-e-hikvision-5-port-gigabit-unmanaged-switch/
Not Found: /blog/
Not Found: /product-category/ip-ptz/
Not Found: /product-category/lpr-camera-for-car/
Not Found: /product/24-ch-turbo-hd-dvr-xvr-metal-housing-ds-7224hghi-k2-2-sata-turbo-hd-4-0/
Not Found: /wp-content/uploads/2020/02/Picture3-1.png
Not Found: /wp-content/uploads/2019/05/51bzOMMGDL._SL1200_.jpg
Not Found: /robots.txt
Not Found: /favicon.ico
Not Found: /product/ds-7608ni-e1/
Not Found: /product/3057/
Not Found: /robots.txt
Not Found: /product/3599/
Not Found: /wp-content/uploads/2020/02/DS-2CE16DOT-ITPFS.jpg
Not Found: /shop/page/2/
Not Found: /static/tools.png
Not Found: /robots.txt
Not Found: /product/3586/
Not Found: /product/3586/
Not Found: /robots.txt
Not Found: /robots.txt
Not Found: /robots.txt
Not Found: /robots.txt
Not Found: /robots.txt
Not Found: /robots.txt
Not Found: /robots.txt
Not Found: /static/styles.css
Not Found: /static/styles.css
Not Found: /static/hk.png
Not Found: /static/installation.png
Not Found: /static/tools.png
Not Found: /static/ezvis.png
Not Found: /static/instal.jpg
Not Found: /static/support.png
Not Found: /static/oliz.webp
Not Found: /static/byd.png
Not Found: /static/dhl.svg
Not Found: /static/vianet.png
Not Found: /static/nt.png
Not Found: /static/dhl.png
Not Found: /static/hilook.avif
Not Found: /static/verification.png
Not Found: /static/people.png
Not Found: /static/bhatb.png
Not Found: /static/quality.png
Not Found: /static/cf.png
Not Found: /static/camera1.mp4
Not Found: /static/cf.png
Not Found: /static/styles.css
Not Found: /category/articles/
Not Found: /category/articles/news/
Not Found: /robots.txt
Not Found: /robots.txt
Not Found: /product/3592/
Not Found: /robots.txt
Not Found: /product/3592/
Not Found: /robots.txt
Not Found: /robots.txt
Not Found: /robots.txt
Not Found: /robots.txt
Not Found: /robots.txt
Not Found: /robots.txt
Not Found: /product/ds-2ce16hot-itf-2/
Not Found: /robots.txt
Not Found: /robots.txt
Not Found: /product/3531/
Not Found: /robots.txt
Not Found: /product/3531/
Not Found: /robots.txt
Not Found: /robots.txt
Not Found: /robots.txt
Not Found: /robots.txt
Not Found: /robots.txt
Not Found: /robots.txt
Invalid HTTP_HOST header: 'mail.cctvnepal.com.np'. You may need to add 'mail.cctvnepal.com.np' to ALLOWED_HOSTS.
Bad Request: /robots.txt
Not Found: /robots.txt
Not Found: /product/ds-7632ni-e2/
Not Found: /product/ds-7632ni-e2/
Not Found: /robots.txt
Not Found: /robots.txt
Not Found: /robots.txt
Not Found: /robots.txt
Not Found: /robots.txt
Not Found: /robots.txt
Not Found: /robots.txt
Not Found: /robots.txt
Not Found: /robots.txt
Not Found: /product/fingerprint-time-attendance-terminal-with-wifi-ds-k1a802ef/
Not Found: /product/fingerprint-time-attendance-terminal-with-wifi-ds-k1a802ef/
Not Found: /robots.txt
Not Found: /robots.txt
Not Found: /robots.txt
Not Found: /robots.txt
Not Found: /robots.txt
Not Found: /robots.txt
Not Found: /robots.txt
Not Found: /product/st-ip570s-ip-camera-5-megapixel-new/
Not Found: /product-category/uncategorized/
Not Found: /product/8-ch-turbo-hd-4mp-lite-dvr-ds-7108hqhi-k1-ds-7108hqhi-k1-s/
Not Found: /product/8-ch-turbo-hd-4mp-lite-dvr-ds-7108hqhi-k1-ds-7108hqhi-k1-s/
Not Found: /product-category/ip-camera-2/vacron-ip-camera/
Not Found: /product/ds-3e0505d-e-hikvision-5-port-gigabit-unmanaged-switch/feed/
Not Found: /wp-content/uploads/2021/08/0002-6078269152_20210817_094855_0000.jpg
Not Found: /.well-known/apple-app-site-association
Not Found: /product/ids-7216hqhi-m2-s-2-sata-turbo-hd-x-2nd-gen-acusense/feed/
Not Found: /product/fingerprint-access-control-terminal-ds-k1t8003ef/
Not Found: /comments/feed/
Not Found: /product-category/network-video-recorder/dahua-nvr/
Not Found: /apple-app-site-association
Not Found: /wp-content/uploads/2019/05/cctv-system-500x500-1.jpg
Not Found: /product/cs-cv310-a0-1c2wfr-4mm%EF%BC%89ezviz-2mp-c3wn-ezguard-outdoor-wi-fi-camera/feed/
Not Found: /robots.txt
Not Found: /static/styles.css
Not Found: /static/instal.jpg
Not Found: /static/installation.png
Not Found: /static/hk.png
Not Found: /static/ezvis.png
Not Found: /static/support.png
Not Found: /static/tools.png
Not Found: /static/byd.png
Not Found: /static/oliz.webp
Not Found: /static/vianet.png
Not Found: /static/dhl.svg
Not Found: /static/nt.png
Not Found: /static/bhatb.png
Not Found: /static/quality.png
Not Found: /static/cf.png
Not Found: /static/verification.png
Not Found: /static/people.png
Not Found: /static/hilook.avif
Not Found: /static/dhl.png
Not Found: /static/camera1.mp4
Not Found: /static/cf.png
Not Found: /static/styles.css
Not Found: /static/tools.png
Not Found: /static/instal.jpg
Not Found: /static/ezvis.png
Not Found: /static/installation.png
Not Found: /static/hk.png
Not Found: /static/oliz.webp
Not Found: /static/bhatb.png
Not Found: /static/support.png
Not Found: /static/byd.png
Not Found: /static/nt.png
Not Found: /static/dhl.svg
Not Found: /static/vianet.png
Not Found: /static/verification.png
Not Found: /static/dhl.png
Not Found: /static/people.png
Not Found: /static/cf.png
Not Found: /static/quality.png
Not Found: /static/camera1.mp4
Not Found: /static/hilook.avif
Not Found: /static/cf.png
Not Found: /feed/
Not Found: /product/16-ch-turbo-hd-dvr-ds-7116hghi-f1-n/
Not Found: /robots.txt
Not Found: /product/16-ch-turbo-hd-dvr-ds-7116hghi-f1-n/
Not Found: /robots.txt
Not Found: /robots.txt
Not Found: /robots.txt
Not Found: /robots.txt
Not Found: /robots.txt
Not Found: /robots.txt
Not Found: /robots.txt
Not Found: /product/hikvision-16-port-poe-switch-ds-3e0318p-em/feed/
Not Found: /product-category/ahd-hd-camera/feed/
Not Found: /shop/feed/
Not Found: /product/5mp-ir-bullet-turbo-hd-camera-built-in-mic-audio-up-coaxial-ds-2ce16hot-itpfs/feed/
Not Found: /product/ds-2cd1723go-i/feed/
Not Found: /robots.txt
Not Found: /comments/feed/
Not Found: /product/cs-cv310-a0-1b2wfr-4mm-ezviz-2mp-c3w-ezguard-outdoor-wi-fi-camera-strobe-light-and-siren/feed/
Not Found: /product/ds-7208hthi-k2/feed/
Not Found: /static/styles.css
Not Found: /static/ezvis.png
Not Found: /static/instal.jpg
Not Found: /static/tools.png
Not Found: /static/support.png
Not Found: /static/installation.png
Not Found: /static/hk.png
Not Found: /static/byd.png
Not Found: /static/hilook.avif
Not Found: /static/bhatb.png
Not Found: /static/nt.png
Not Found: /static/vianet.png
Not Found: /static/people.png
Not Found: /static/cf.png
Not Found: /static/quality.png
Not Found: /static/verification.png
Not Found: /static/dhl.svg
Not Found: /static/dhl.png
Not Found: /static/camera1.mp4
Not Found: /static/oliz.webp
Not Found: /static/cf.png
Not Found: /static/styles.css
Not Found: /static/hk.png
Not Found: /static/ezvis.png
Not Found: /static/instal.jpg
Not Found: /static/hilook.avif
Not Found: /static/installation.png
Not Found: /static/support.png
Not Found: /static/tools.png
Not Found: /static/vianet.png
Not Found: /static/byd.png
Not Found: /static/dhl.png
Not Found: /static/dhl.svg
Not Found: /static/bhatb.png
Not Found: /static/verification.png
Not Found: /static/quality.png
Not Found: /static/people.png
Not Found: /static/cf.png
Not Found: /static/camera1.mp4
Not Found: /static/nt.png
Not Found: /static/oliz.webp
Not Found: /static/styles.css
Not Found: /static/styles.css
Not Found: /static/bb.png
Not Found: /static/gand.png
Not Found: /static/styles.css
Not Found: /static/styles.css
Not Found: /static/ezvis.png
Not Found: /static/hilook.avif
Not Found: /static/hk.png
Not Found: /media/products/%E5%B8%A6%E6%91%84%E5%83%8F%E5%A4%B4%E6%AC%BE%E5%A4%96%E8%A7%822_aQsm8jo.png
Not Found: /media/products/%E6%AD%A3%E8%A7%86%E5%9B%BE_1.png
Not Found: /media/products/%E6%AD%A3%E8%A7%86%E5%9B%BE.png
Not Found: /media/products/DS-D5024FN10_1_%E6%AD%A3%E8%A7%86%E5%9B%BE.png
Not Found: /media/products/%E5%B8%A6%E6%91%84%E5%83%8F%E5%A4%B4%E6%AC%BE%E5%A4%96%E8%A7%822.png
Not Found: /z0f76a1d14fd21a8fb5fd0d03e0fdc3d3cedae52f
Not Found: /favicon.ico
Not Found: /z0f76a1d14fd21a8fb5fd0d03e0fdc3d3cedae52f
Not Found: /static/styles.css
Not Found: /static/instal.jpg
Not Found: /static/ezvis.png
Not Found: /static/tools.png
Not Found: /static/hilook.avif
Not Found: /static/hk.png
Not Found: /static/installation.png
Not Found: /static/vianet.png
Not Found: /static/oliz.webp
Not Found: /static/support.png
Not Found: /static/dhl.png
Not Found: /static/bhatb.png
Not Found: /static/dhl.svg
Not Found: /static/nt.png
Not Found: /static/cf.png
Not Found: /static/byd.png
Not Found: /static/verification.png
Not Found: /static/quality.png
Not Found: /static/camera1.mp4
Not Found: /static/people.png
Not Found: /xmlrpc.php
Not Found: /wp-content/uploads/2022/10/ds-2de4225iw-de.jpg
Not Found: /static/styles.css
Not Found: /static/styles.css
Not Found: /static/bb.png
Not Found: /static/gand.png
Not Found: /product-category/ip-camera-2/hikvision-ip-camera/feed/
Not Found: /robots.txt
Not Found: /robots.txt
Not Found: /product-category/star-light-ip-camera/
Not Found: /robots.txt
Not Found: /product/ds-2ce56dot-it1e/feed/
Not Found: /wp-login.php
Not Found: /wp-login.php
Not Found: /product/2mp-motorized-veri-focal-exir-turret-ds-2ce79d3t-it3zf-2-713-5mm-motorized-vari-focal-lens/feed/
Not Found: /product/3mp-low-light-smart-bullet-camera-ds-2cd4b36fwd-izs-2-812mm-motorized-vf-lens/feed/
Not Found: /product/st-ip1025-5m-h265-hd-bullet-ip-network-p2p-onvif-camera/feed/
Not Found: /feed/
Not Found: /wp-content/uploads/2019/05/Hikvision-DS-2CE16D0T-VFIR3F-HD-1080p-IR-Bullet-Camera.jpg
Not Found: /product/handheld-two-way-radio-walkie-talkie-abell-a-82/
Not Found: /robots.txt
Not Found: /robots.txt
Not Found: /product/sse1612ni/
Not Found: /product/sse1612ni/
Not Found: /robots.txt
Not Found: /robots.txt
Not Found: /robots.txt
Not Found: /robots.txt
Not Found: /robots.txt
Not Found: /robots.txt
Not Found: /robots.txt
Not Found: /robots.txt
Not Found: /robots.txt
Not Found: /static/styles.css
Not Found: /shop/page/30/
Not Found: /robots.txt
Not Found: /shop/page/30/
Not Found: /robots.txt
Not Found: /robots.txt
Not Found: /robots.txt
Not Found: /robots.txt
Not Found: /robots.txt
Not Found: /robots.txt
Not Found: /robots.txt
Not Found: /robots.txt
Not Found: /robots.txt
Not Found: /product/ds-3e0508d-e-hikvision-8-port-gigabit-unmanaged-switch/
Not Found: /product/ds-3e0508d-e-hikvision-8-port-gigabit-unmanaged-switch/
Not Found: /robots.txt
Not Found: /robots.txt
Not Found: /robots.txt
Not Found: /robots.txt
Not Found: /robots.txt
Not Found: /robots.txt
Not Found: /robots.txt
Not Found: /product/ds-7216hqhi-f22sata/
Not Found: /robots.txt
Not Found: /product/ds-7216hqhi-f22sata/
Not Found: /robots.txt
Not Found: /robots.txt
Not Found: /robots.txt
Not Found: /robots.txt
Not Found: /robots.txt
Not Found: /robots.txt
Not Found: /robots.txt
Not Found: /product/ds-3e0108d-e-hikvision-8-port-100m-network-switch/
Invalid HTTP_HOST header: 'cctvnepal.com.np.hitzz.co'. You may need to add 'cctvnepal.com.np.hitzz.co' to ALLOWED_HOSTS.
Bad Request: /
Not Found: /wp-content/uploads/2019/05/download-11.jpg
Not Found: /wp-content/uploads/2021/08/IMG_20210817_102457.jpg
Not Found: /product/ds-3e0508d-e-hikvision-8-port-gigabit-unmanaged-switch/
Invalid HTTP_HOST header: 'www.cctvnepal.com.np.hitzz.co'. You may need to add 'www.cctvnepal.com.np.hitzz.co' to ALLOWED_HOSTS.
Bad Request: /
Invalid HTTP_HOST header: 'cctvnepal.com.np.hitzz.co'. You may need to add 'cctvnepal.com.np.hitzz.co' to ALLOWED_HOSTS.
Bad Request: /
Not Found: /wp-content/uploads/2019/05/20180515065727129.jpg
Not Found: /robots.txt
Not Found: /product_detail/hikvision22-fhd-100hz-va-borderless-monitor-with-speaker-dsd5022f21v2s/
Not Found: /product_detail/c8pf-cs-c8pf-1080p/
Not Found: /wp-content/uploads/2020/02/61DrJ4ZUXSL._SL1200_-1.jpg
Not Found: /wp-content/uploads/2020/02/DS-2CE72DFT-FC.jpg
Not Found: /product/cs-cv246-a0-3b1wfr/
Not Found: /product/cs-cv246-a0-3b1wfr/
Invalid HTTP_HOST header: 'mail.cctvnepal.com.np'. You may need to add 'mail.cctvnepal.com.np' to ALLOWED_HOSTS.
Bad Request: /
Invalid HTTP_HOST header: 'mail.cctvnepal.com.np'. You may need to add 'mail.cctvnepal.com.np' to ALLOWED_HOSTS.
Bad Request: /new/
Invalid HTTP_HOST header: 'mail.cctvnepal.com.np'. You may need to add 'mail.cctvnepal.com.np' to ALLOWED_HOSTS.
Bad Request: /blog/
Invalid HTTP_HOST header: 'mail.cctvnepal.com.np'. You may need to add 'mail.cctvnepal.com.np' to ALLOWED_HOSTS.
Bad Request: /old/
Invalid HTTP_HOST header: 'mail.cctvnepal.com.np'. You may need to add 'mail.cctvnepal.com.np' to ALLOWED_HOSTS.
Bad Request: /wordpress/
Invalid HTTP_HOST header: 'mail.cctvnepal.com.np'. You may need to add 'mail.cctvnepal.com.np' to ALLOWED_HOSTS.
Bad Request: /wp/
Invalid HTTP_HOST header: 'mail.cctvnepal.com.np'. You may need to add 'mail.cctvnepal.com.np' to ALLOWED_HOSTS.
Bad Request: /backup/
Invalid HTTP_HOST header: 'www.cctvnepal.com.np.hitzz.co'. You may need to add 'www.cctvnepal.com.np.hitzz.co' to ALLOWED_HOSTS.
Bad Request: /
Not Found: /product_detail/ds-2ce16d0t-exlpf-2mp-smart-hybrid-light-fixed-mini-bullet-camera/
Not Found: /product_detail/ds-2ce16d0t-exlpf-2mp-smart-hybrid-light-fixed-mini-bullet-camera/
Not Found: /media/products/%E6%AD%A3%E8%A7%86%E5%9B%BE.png
Not Found: /media/products/%E6%AD%A3%E8%A7%86%E5%9B%BE_1.png
Not Found: /media/products/%E5%B8%A6%E6%91%84%E5%83%8F%E5%A4%B4%E6%AC%BE%E5%A4%96%E8%A7%822_aQsm8jo.png
Not Found: /product/ds-2cd1023g0-iu-2mp-ir-bullet-h-265-network-camera-build-in-microphone/
Not Found: /product/nvr616-64128-4ks2/
Not Found: /robots.txt
Not Found: /product/nvr616-64128-4ks2/
Not Found: /robots.txt
Not Found: /robots.txt
Not Found: /robots.txt
Not Found: /robots.txt
Not Found: /robots.txt
Not Found: /robots.txt
Not Found: /robots.txt
Not Found: /old/
Not Found: /new/
Not Found: /wordpress/
Not Found: /blog/
Not Found: /wp/
Not Found: /backup/
Invalid HTTP_HOST header: 'mail.cctvnepal.com.np'. You may need to add 'mail.cctvnepal.com.np' to ALLOWED_HOSTS.
Bad Request: /
Not Found: /product_detail/ds-7616ni-q2-16-ch-1u-4k-nvr/
Not Found: /wp-content/uploads/2020/02/b47ab40c6184c22b8cabe40f7d4c6939.jpg
Not Found: /wp-content/uploads/2020/07/DS-3E0105D-E1.png
Not Found: /wp-content/uploads/2015/08/SA-650CF-3GA_MED.gif
Not Found: /wp-content/uploads/2019/05/dvr.jpg
Not Found: /wp-content/uploads/2019/05/20170130213303158.jpg
Not Found: /wp-content/uploads/2020/02/61DrJ4ZUXSL._SL1200_-2.jpg
Not Found: /wp-content/uploads/2020/02/428-772_1_-2.jpg
Not Found: /robots.txt
Not Found: /robots.txt
Not Found: /product/ds-2ce56dot-vfir3f/
Not Found: /product/ds-2ce56dot-vfir3f/
Not Found: /robots.txt
Not Found: /robots.txt
Not Found: /robots.txt
Not Found: /robots.txt
Not Found: /robots.txt
Not Found: /robots.txt
Not Found: /robots.txt
Not Found: /backup/
Not Found: /wordpress/
Not Found: /blog/
Not Found: /new/
Not Found: /old/
Not Found: /wp/
Not Found: /robots.txt
Not Found: /wp-content/uploads/2018/03/XVR4104HS.jpg
Not Found: /wp-content/uploads/2018/06/1040133960_ALTERNATE-IMAGE1-1.jpg
Not Found: /robots.txt
Not Found: /product-category/ahd-hd-camera/hikvision-ahd-camera/page/2/
Not Found: /wp-content/uploads/2020/02/9519_kamera_hikvision_tvi_ds_2ce56d8t_it3z_2mpx_2_8_12mm_glowne_l_.jpg
Not Found: /robots.txt
Not Found: /wp-content/uploads/2019/05/ds-7108hqhi-k1-2.jpg
Not Found: /robots.txt
Not Found: /product/ezviz-2mp-c1c-indoor-wi-fi-camera-cs-c1c-d0-1d2wfr/
Not Found: /robots.txt
Not Found: /robots.txt
Not Found: /ezviz/
Not Found: /ezviz/
Not Found: /robots.txt
Not Found: /robots.txt
Not Found: /robots.txt
Not Found: /robots.txt
Not Found: /robots.txt
Not Found: /robots.txt
Not Found: /robots.txt
Invalid HTTP_HOST header: 'mail.cctvnepal.com.np'. You may need to add 'mail.cctvnepal.com.np' to ALLOWED_HOSTS.
Bad Request: /
Not Found: /wp-content/uploads/2019/05/4b36.jpg
Not Found: /wp-content/uploads/2020/02/images-1.jpg
Not Found: /wp-content/uploads/2019/05/download-1-2.jpg
Not Found: /wp-content/uploads/2019/05/DS-7116HQHI-K1.gif
Not Found: /robots.txt
Not Found: /product/2mp-fixed-dome-network-camera-ds-2cd2120f-i-2-8mm/
Not Found: /product/2mp-fixed-dome-network-camera-ds-2cd2120f-i-2-8mm/
Not Found: /robots.txt
Not Found: /robots.txt
Not Found: /robots.txt
Not Found: /robots.txt
Not Found: /robots.txt
Not Found: /robots.txt
Not Found: /robots.txt
Invalid HTTP_HOST header: 'mail.cctvnepal.com.np'. You may need to add 'mail.cctvnepal.com.np' to ALLOWED_HOSTS.
Bad Request: /
Not Found: /robots.txt
Not Found: /product/pfs4218-16et-190-16-port-poe-switch/
Not Found: /wp-content/uploads/2019/05/DS-2CD1643G0-IZ.jpg
io.UnsupportedOperation: fileno
io.UnsupportedOperation: fileno
OSError: LSAPI: Socket read/write error
io.UnsupportedOperation: fileno
io.UnsupportedOperation: fileno
io.UnsupportedOperation: fileno
Invalid HTTP_HOST header: 'www.cctvnepal.com.np.hitzz.co'. You may need to add 'www.cctvnepal.com.np.hitzz.co' to ALLOWED_HOSTS.
Bad Request: /
[UID:1542][1614232] Child process with pid: 1614257 was killed by signal: 15, core dump: 0
[UID:1542][1614232] Child process with pid: 1614259 was killed by signal: 15, core dump: 0
[UID:1542][1614232] Child process with pid: 1614258 was killed by signal: 15, core dump: 0
io.UnsupportedOperation: fileno
io.UnsupportedOperation: fileno
io.UnsupportedOperation: fileno
io.UnsupportedOperation: fileno
io.UnsupportedOperation: fileno
io.UnsupportedOperation: fileno
Not Found: /media/products/%E5%B8%A6%E6%91%84%E5%83%8F%E5%A4%B4%E6%AC%BE%E5%A4%96%E8%A7%822_aQsm8jo.png
Not Found: /media/products/%E6%AD%A3%E8%A7%86%E5%9B%BE_1.png
Not Found: /media/products/%E6%AD%A3%E8%A7%86%E5%9B%BE.png
Not Found: /media/products/DS-D5024FN10_1_%E6%AD%A3%E8%A7%86%E5%9B%BE.png
Not Found: /media/products/%E5%B8%A6%E6%91%84%E5%83%8F%E5%A4%B4%E6%AC%BE%E5%A4%96%E8%A7%822.png
io.UnsupportedOperation: fileno
Not Found: /wp-content/uploads/2019/05/76d485a5-1069-4212-b211-38c829749f32.jpg
Not Found: /xmlrpc.php
Not Found: /robots.txt
Not Found: /robots.txt
Not Found: /robots.txt
Not Found: /robots.txt
Not Found: /shop/page/30/
io.UnsupportedOperation: fileno
Not Found: /media/products/%E6%AD%A3%E8%A7%86%E5%9B%BE.png
Not Found: /media/products/%E6%AD%A3%E8%A7%86%E5%9B%BE_1.png
Not Found: /media/products/%E5%B8%A6%E6%91%84%E5%83%8F%E5%A4%B4%E6%AC%BE%E5%A4%96%E8%A7%822_aQsm8jo.png
Not Found: /media/products/%E5%B8%A6%E6%91%84%E5%83%8F%E5%A4%B4%E6%AC%BE%E5%A4%96%E8%A7%822.png
Not Found: /media/products/DS-D5024FN10_1_%E6%AD%A3%E8%A7%86%E5%9B%BE.png
Not Found: /media/products/%E6%AD%A3%E8%A7%86%E5%9B%BE_1.png
Not Found: /media/products/DS-D5024FN10_1_%E6%AD%A3%E8%A7%86%E5%9B%BE.png
Not Found: /media/products/%E6%AD%A3%E8%A7%86%E5%9B%BE.png
Not Found: /media/products/%E5%B8%A6%E6%91%84%E5%83%8F%E5%A4%B4%E6%AC%BE%E5%A4%96%E8%A7%822.png
Not Found: /media/products/%E5%B8%A6%E6%91%84%E5%83%8F%E5%A4%B4%E6%AC%BE%E5%A4%96%E8%A7%822_aQsm8jo.png
Not Found: /media/products/%E5%B8%A6%E6%91%84%E5%83%8F%E5%A4%B4%E6%AC%BE%E5%A4%96%E8%A7%822_aQsm8jo.png
Not Found: /media/products/%E5%B8%A6%E6%91%84%E5%83%8F%E5%A4%B4%E6%AC%BE%E5%A4%96%E8%A7%822.png
Not Found: /media/products/%E5%B8%A6%E6%91%84%E5%83%8F%E5%A4%B4%E6%AC%BE%E5%A4%96%E8%A7%822_aQsm8jo.png
Not Found: /media/products/%E5%B8%A6%E6%91%84%E5%83%8F%E5%A4%B4%E6%AC%BE%E5%A4%96%E8%A7%822.png
Not Found: /media/products/%E5%B8%A6%E6%91%84%E5%83%8F%E5%A4%B4%E6%AC%BE%E5%A4%96%E8%A7%822.png
Not Found: /media/products/%E5%B8%A6%E6%91%84%E5%83%8F%E5%A4%B4%E6%AC%BE%E5%A4%96%E8%A7%822_aQsm8jo.png
io.UnsupportedOperation: fileno
io.UnsupportedOperation: fileno
io.UnsupportedOperation: fileno
io.UnsupportedOperation: fileno
Internal Server Error: /search/
Traceback (most recent call last):
  File "/home/hitzzco/virtualenv/cctvnepal/3.7/lib/python3.7/site-packages/django/core/handlers/exception.py", line 47, in inner
    response = get_response(request)
  File "/home/hitzzco/virtualenv/cctvnepal/3.7/lib/python3.7/site-packages/django/core/handlers/base.py", line 181, in _get_response
    response = wrapped_callback(request, *callback_args, **callback_kwargs)
  File "/home/hitzzco/cctvnepal/store/views.py", line 504, in search_products
    'query': query
  File "/home/hitzzco/virtualenv/cctvnepal/3.7/lib/python3.7/site-packages/django/shortcuts.py", line 19, in render
    content = loader.render_to_string(template_name, context, request, using=using)
  File "/home/hitzzco/virtualenv/cctvnepal/3.7/lib/python3.7/site-packages/django/template/loader.py", line 61, in render_to_string
    template = get_template(template_name, using=using)
  File "/home/hitzzco/virtualenv/cctvnepal/3.7/lib/python3.7/site-packages/django/template/loader.py", line 19, in get_template
    raise TemplateDoesNotExist(template_name, chain=chain)
django.template.exceptions.TemplateDoesNotExist: Warzone/search_results.html
Not Found: /favicon.ico
Internal Server Error: /search/
Traceback (most recent call last):
  File "/home/hitzzco/virtualenv/cctvnepal/3.7/lib/python3.7/site-packages/django/core/handlers/exception.py", line 47, in inner
    response = get_response(request)
  File "/home/hitzzco/virtualenv/cctvnepal/3.7/lib/python3.7/site-packages/django/core/handlers/base.py", line 181, in _get_response
    response = wrapped_callback(request, *callback_args, **callback_kwargs)
  File "/home/hitzzco/cctvnepal/store/views.py", line 504, in search_products
    'query': query
  File "/home/hitzzco/virtualenv/cctvnepal/3.7/lib/python3.7/site-packages/django/shortcuts.py", line 19, in render
    content = loader.render_to_string(template_name, context, request, using=using)
  File "/home/hitzzco/virtualenv/cctvnepal/3.7/lib/python3.7/site-packages/django/template/loader.py", line 61, in render_to_string
    template = get_template(template_name, using=using)
  File "/home/hitzzco/virtualenv/cctvnepal/3.7/lib/python3.7/site-packages/django/template/loader.py", line 19, in get_template
    raise TemplateDoesNotExist(template_name, chain=chain)
django.template.exceptions.TemplateDoesNotExist: Warzone/search_results.html
Internal Server Error: /search/
Traceback (most recent call last):
  File "/home/hitzzco/virtualenv/cctvnepal/3.7/lib/python3.7/site-packages/django/core/handlers/exception.py", line 47, in inner
    response = get_response(request)
  File "/home/hitzzco/virtualenv/cctvnepal/3.7/lib/python3.7/site-packages/django/core/handlers/base.py", line 181, in _get_response
    response = wrapped_callback(request, *callback_args, **callback_kwargs)
  File "/home/hitzzco/cctvnepal/store/views.py", line 504, in search_products
    'query': query
  File "/home/hitzzco/virtualenv/cctvnepal/3.7/lib/python3.7/site-packages/django/shortcuts.py", line 19, in render
    content = loader.render_to_string(template_name, context, request, using=using)
  File "/home/hitzzco/virtualenv/cctvnepal/3.7/lib/python3.7/site-packages/django/template/loader.py", line 61, in render_to_string
    template = get_template(template_name, using=using)
  File "/home/hitzzco/virtualenv/cctvnepal/3.7/lib/python3.7/site-packages/django/template/loader.py", line 19, in get_template
    raise TemplateDoesNotExist(template_name, chain=chain)
django.template.exceptions.TemplateDoesNotExist: Warzone/search_results.html
Internal Server Error: /search/
Traceback (most recent call last):
  File "/home/hitzzco/virtualenv/cctvnepal/3.7/lib/python3.7/site-packages/django/core/handlers/exception.py", line 47, in inner
    response = get_response(request)
  File "/home/hitzzco/virtualenv/cctvnepal/3.7/lib/python3.7/site-packages/django/core/handlers/base.py", line 181, in _get_response
    response = wrapped_callback(request, *callback_args, **callback_kwargs)
  File "/home/hitzzco/cctvnepal/store/views.py", line 504, in search_products
    'query': query
  File "/home/hitzzco/virtualenv/cctvnepal/3.7/lib/python3.7/site-packages/django/shortcuts.py", line 19, in render
    content = loader.render_to_string(template_name, context, request, using=using)
  File "/home/hitzzco/virtualenv/cctvnepal/3.7/lib/python3.7/site-packages/django/template/loader.py", line 61, in render_to_string
    template = get_template(template_name, using=using)
  File "/home/hitzzco/virtualenv/cctvnepal/3.7/lib/python3.7/site-packages/django/template/loader.py", line 19, in get_template
    raise TemplateDoesNotExist(template_name, chain=chain)
django.template.exceptions.TemplateDoesNotExist: Warzone/search_results.html
io.UnsupportedOperation: fileno
Not Found: /static/gand.png
Not Found: /wp-content/uploads/2019/05/dvr.jpg
io.UnsupportedOperation: fileno
io.UnsupportedOperation: fileno
io.UnsupportedOperation: fileno
OSError: LSAPI: File error
io.UnsupportedOperation: fileno
Not Found: /wp-content/uploads/2016/01/M5-1.png
io.UnsupportedOperation: fileno
Not Found: /product-category/ahd-hd-camera/hikvision-ahd-camera/
Not Found: /wp-content/uploads/2019/05/ds-2cd2tx5fwd-ix_6_1_1.jpg
io.UnsupportedOperation: fileno
io.UnsupportedOperation: fileno
io.UnsupportedOperation: fileno
io.UnsupportedOperation: fileno
Not Found: /media/products/%E5%B8%A6%E6%91%84%E5%83%8F%E5%A4%B4%E6%AC%BE%E5%A4%96%E8%A7%822_aQsm8jo.png
Not Found: /media/products/%E6%AD%A3%E8%A7%86%E5%9B%BE_1.png
Not Found: /media/products/%E6%AD%A3%E8%A7%86%E5%9B%BE.png
Not Found: /media/products/DS-D5024FN10_1_%E6%AD%A3%E8%A7%86%E5%9B%BE.png
Not Found: /media/products/%E5%B8%A6%E6%91%84%E5%83%8F%E5%A4%B4%E6%AC%BE%E5%A4%96%E8%A7%822.png
io.UnsupportedOperation: fileno
io.UnsupportedOperation: fileno
io.UnsupportedOperation: fileno
io.UnsupportedOperation: fileno
io.UnsupportedOperation: fileno
io.UnsupportedOperation: fileno
io.UnsupportedOperation: fileno
io.UnsupportedOperation: fileno
io.UnsupportedOperation: fileno
io.UnsupportedOperation: fileno
io.UnsupportedOperation: fileno
io.UnsupportedOperation: fileno
io.UnsupportedOperation: fileno
io.UnsupportedOperation: fileno
io.UnsupportedOperation: fileno
io.UnsupportedOperation: fileno
io.UnsupportedOperation: fileno
io.UnsupportedOperation: fileno
io.UnsupportedOperation: fileno
io.UnsupportedOperation: fileno
io.UnsupportedOperation: fileno
Not Found: /robots.txt
io.UnsupportedOperation: fileno
io.UnsupportedOperation: fileno
Not Found: /media/products/%E5%B8%A6%E6%91%84%E5%83%8F%E5%A4%B4%E6%AC%BE%E5%A4%96%E8%A7%822_aQsm8jo.png
Not Found: /media/products/%E6%AD%A3%E8%A7%86%E5%9B%BE_1.png
Not Found: /media/products/%E5%B8%A6%E6%91%84%E5%83%8F%E5%A4%B4%E6%AC%BE%E5%A4%96%E8%A7%822.png
Not Found: /media/products/DS-D5024FN10_1_%E6%AD%A3%E8%A7%86%E5%9B%BE.png
Not Found: /media/products/%E6%AD%A3%E8%A7%86%E5%9B%BE.png
io.UnsupportedOperation: fileno
Not Found: /media/products/DS-D5024FN10_1_%E6%AD%A3%E8%A7%86%E5%9B%BE.png
Not Found: /media/products/%E6%AD%A3%E8%A7%86%E5%9B%BE_1.png
Not Found: /media/products/%E5%B8%A6%E6%91%84%E5%83%8F%E5%A4%B4%E6%AC%BE%E5%A4%96%E8%A7%822_aQsm8jo.png
Not Found: /media/products/%E5%B8%A6%E6%91%84%E5%83%8F%E5%A4%B4%E6%AC%BE%E5%A4%96%E8%A7%822.png
Not Found: /media/products/%E6%AD%A3%E8%A7%86%E5%9B%BE.png
Not Found: /media/products/%E6%AD%A3%E8%A7%86%E5%9B%BE_1.png
Not Found: /media/products/%E5%B8%A6%E6%91%84%E5%83%8F%E5%A4%B4%E6%AC%BE%E5%A4%96%E8%A7%822.png
Not Found: /media/products/%E6%AD%A3%E8%A7%86%E5%9B%BE.png
Not Found: /media/products/%E5%B8%A6%E6%91%84%E5%83%8F%E5%A4%B4%E6%AC%BE%E5%A4%96%E8%A7%822_aQsm8jo.png
Not Found: /media/products/DS-D5024FN10_1_%E6%AD%A3%E8%A7%86%E5%9B%BE.png
io.UnsupportedOperation: fileno
Not Found: /robots.txt
Not Found: /media/products/%E5%B8%A6%E6%91%84%E5%83%8F%E5%A4%B4%E6%AC%BE%E5%A4%96%E8%A7%822.png
Not Found: /media/products/%E5%B8%A6%E6%91%84%E5%83%8F%E5%A4%B4%E6%AC%BE%E5%A4%96%E8%A7%822_aQsm8jo.png
Not Found: /media/products/%E6%AD%A3%E8%A7%86%E5%9B%BE_1.png
Not Found: /media/products/DS-D5024FN10_1_%E6%AD%A3%E8%A7%86%E5%9B%BE.png
Not Found: /media/products/%E6%AD%A3%E8%A7%86%E5%9B%BE.png
Not Found: /media/products/%E6%AD%A3%E8%A7%86%E5%9B%BE_1.png
Not Found: /media/products/DS-D5024FN10_1_%E6%AD%A3%E8%A7%86%E5%9B%BE.png
Not Found: /media/products/%E6%AD%A3%E8%A7%86%E5%9B%BE.png
io.UnsupportedOperation: fileno
Not Found: /media/products/DS-D5024FN10_1_%E6%AD%A3%E8%A7%86%E5%9B%BE.png
Not Found: /media/products/%E6%AD%A3%E8%A7%86%E5%9B%BE.png
Not Found: /media/products/%E5%B8%A6%E6%91%84%E5%83%8F%E5%A4%B4%E6%AC%BE%E5%A4%96%E8%A7%822_aQsm8jo.png
Not Found: /media/products/%E6%AD%A3%E8%A7%86%E5%9B%BE_1.png
Not Found: /media/products/%E5%B8%A6%E6%91%84%E5%83%8F%E5%A4%B4%E6%AC%BE%E5%A4%96%E8%A7%822.png
Not Found: /media/products/%E5%B8%A6%E6%91%84%E5%83%8F%E5%A4%B4%E6%AC%BE%E5%A4%96%E8%A7%822.png
Not Found: /media/products/%E5%B8%A6%E6%91%84%E5%83%8F%E5%A4%B4%E6%AC%BE%E5%A4%96%E8%A7%822_aQsm8jo.png
Not Found: /media/products/%E6%AD%A3%E8%A7%86%E5%9B%BE_1.png
Not Found: /media/products/DS-D5024FN10_1_%E6%AD%A3%E8%A7%86%E5%9B%BE.png
Not Found: /media/products/%E6%AD%A3%E8%A7%86%E5%9B%BE.png
Not Found: /robots.txt
Not Found: /2021/04/17/c8c-ezviz/
Not Found: /product/ds-2ce56dot-it1e/
Not Found: /wp-content/uploads/2019/05/ds-d5022fc.jpg
Not Found: /wp-content/uploads/2020/02/Picture1-3.png
Not Found: /wp-content/uploads/2020/02/DS-2CE71D0T-PIRL.jpg
Not Found: /wp-content/uploads/2019/05/Hikvision-DS-2CE56D0T-VFIR3F-1080p-IR-Dome-Camera.jpg
Not Found: /robots.txt
Not Found: /wp-content/uploads/2019/05/ds-2ce56h0t-itpf.jpg
Not Found: /wp-content/uploads/2019/05/download-10.jpg
Not Found: /home
Not Found: /service
Not Found: /product_detail/khatra/
Not Found: /product_detail/hikvisondomecamera/
Not Found: /product_detail/hikvisonbulletcamera/
Not Found: /wp-content/uploads/2020/02/k17661.jpg
Not Found: /robots.txt
Not Found: /wp-content/uploads/2020/02/8eebbc622a5e0945879b618db462cfce.jpg
Not Found: /home
Not Found: /home
Not Found: /wp-content/uploads/2015/08/IPcamera_box_VIG-UM731.jpg
Not Found: /wp-content/uploads/2022/10/iDS-TCM203-A_45%C2%B0.png.thumb_.1280.1280.png
Not Found: /2021/04/17/c8c-ezviz/
Not Found: /wp-content/uploads/2020/02/CS-CV246-B0-1C1WFR.jpg
Not Found: /robots.txt
Not Found: /sitemap.txt
Not Found: /wp-content/uploads/2016/01/K14.png
Not Found: /wp-content/uploads/2020/02/CS-CV246-B0-1C1WFR-1.jpg
Not Found: /wp-content/uploads/2020/02/hikvision-ds-2ce72dft-f-01.jpg
Not Found: /robots.txt
Not Found: /wp-content/uploads/2020/02/Realworldla2.jpg
Not Found: /manager.php
Not Found: /wp-includes/css/dist/
Not Found: /wp-login.php
Not Found: /robots.txt
Not Found: /robots.txt
Not Found: /service
Not Found: /home
Not Found: /product/pbx-system-4co32ext-tad-432/
Invalid HTTP_HOST header: 'cctvnepal.com.np.hitzz.co'. You may need to add 'cctvnepal.com.np.hitzz.co' to ALLOWED_HOSTS.
Bad Request: /
Not Found: /product/ds-9664ni-i8/
Not Found: /2021/04/17/c8c-ezviz/
Not Found: /wp-content/uploads/2019/08/Switches-255x255.jpg
Not Found: /robots.txt
Not Found: /robots.txt
OSError: LSAPI: Socket read/write error
Not Found: /cart-2/
Not Found: /wp-content/uploads/2018/04/DAHUA-LOGO-255x128.png
Not Found: /robots.txt
Not Found: /robots.txt
Not Found: /robots.txt
Not Found: /home
Invalid HTTP_HOST header: 'mail.cctvnepal.com.np'. You may need to add 'mail.cctvnepal.com.np' to ALLOWED_HOSTS.
Bad Request: /
[UID:1542][526702] Child process with pid: 564102 was killed by signal: 15, core dump: 0
Not Found: /robots.txt
Not Found: /robots.txt
Not Found: /product/ds-7608ni-k2-8p/
Not Found: /txets.php
Not Found: /wp-content/txets.php
Not Found: /wp-admin/txets.php
io.UnsupportedOperation: fileno
io.UnsupportedOperation: fileno
Not Found: /media/products/%E5%B8%A6%E6%91%84%E5%83%8F%E5%A4%B4%E6%AC%BE%E5%A4%96%E8%A7%822.png
Not Found: /media/products/%E6%AD%A3%E8%A7%86%E5%9B%BE.png
Not Found: /media/products/%E5%B8%A6%E6%91%84%E5%83%8F%E5%A4%B4%E6%AC%BE%E5%A4%96%E8%A7%822_aQsm8jo.png
Not Found: /media/products/DS-D5024FN10_1_%E6%AD%A3%E8%A7%86%E5%9B%BE.png
Not Found: /media/products/%E6%AD%A3%E8%A7%86%E5%9B%BE_1.png
Not Found: /media/products/%E5%B8%A6%E6%91%84%E5%83%8F%E5%A4%B4%E6%AC%BE%E5%A4%96%E8%A7%822_aQsm8jo.png
Not Found: /media/products/%E6%AD%A3%E8%A7%86%E5%9B%BE.png
Not Found: /media/products/DS-D5024FN10_1_%E6%AD%A3%E8%A7%86%E5%9B%BE.png
Not Found: /media/products/%E5%B8%A6%E6%91%84%E5%83%8F%E5%A4%B4%E6%AC%BE%E5%A4%96%E8%A7%822.png
Not Found: /media/products/%E6%AD%A3%E8%A7%86%E5%9B%BE_1.png
Not Found: /media/products/%E5%B8%A6%E6%91%84%E5%83%8F%E5%A4%B4%E6%AC%BE%E5%A4%96%E8%A7%822.png
Not Found: /media/products/%E6%AD%A3%E8%A7%86%E5%9B%BE_1.png
Not Found: /media/products/DS-D5024FN10_1_%E6%AD%A3%E8%A7%86%E5%9B%BE.png
Not Found: /media/products/%E5%B8%A6%E6%91%84%E5%83%8F%E5%A4%B4%E6%AC%BE%E5%A4%96%E8%A7%822_aQsm8jo.png
Not Found: /media/products/%E6%AD%A3%E8%A7%86%E5%9B%BE.png
Not Found: /media/products/%E5%B8%A6%E6%91%84%E5%83%8F%E5%A4%B4%E6%AC%BE%E5%A4%96%E8%A7%822.png
Not Found: /media/products/DS-D5024FN10_1_%E6%AD%A3%E8%A7%86%E5%9B%BE.png
Not Found: /media/products/%E6%AD%A3%E8%A7%86%E5%9B%BE_1.png
Not Found: /media/products/%E5%B8%A6%E6%91%84%E5%83%8F%E5%A4%B4%E6%AC%BE%E5%A4%96%E8%A7%822_aQsm8jo.png
Not Found: /media/products/%E6%AD%A3%E8%A7%86%E5%9B%BE.png
Not Found: /2013/01/05/deleniti-nam-porro-quisquam-ab-temporibus-2/
Not Found: /robots.txt
Not Found: /media/products/%E5%B8%A6%E6%91%84%E5%83%8F%E5%A4%B4%E6%AC%BE%E5%A4%96%E8%A7%822.png
Not Found: /media/products/%E5%B8%A6%E6%91%84%E5%83%8F%E5%A4%B4%E6%AC%BE%E5%A4%96%E8%A7%822_aQsm8jo.png
Not Found: /media/products/%E6%AD%A3%E8%A7%86%E5%9B%BE_1.png
Not Found: /media/products/DS-D5024FN10_1_%E6%AD%A3%E8%A7%86%E5%9B%BE.png
Not Found: /media/products/%E6%AD%A3%E8%A7%86%E5%9B%BE.png
Not Found: /media/products/%E5%B8%A6%E6%91%84%E5%83%8F%E5%A4%B4%E6%AC%BE%E5%A4%96%E8%A7%822.png
Not Found: /media/products/%E5%B8%A6%E6%91%84%E5%83%8F%E5%A4%B4%E6%AC%BE%E5%A4%96%E8%A7%822_aQsm8jo.png
Not Found: /media/products/%E6%AD%A3%E8%A7%86%E5%9B%BE_1.png
Not Found: /media/products/DS-D5024FN10_1_%E6%AD%A3%E8%A7%86%E5%9B%BE.png
Not Found: /media/products/%E6%AD%A3%E8%A7%86%E5%9B%BE.png
Not Found: /robots.txt
io.UnsupportedOperation: fileno
io.UnsupportedOperation: fileno
io.UnsupportedOperation: fileno
io.UnsupportedOperation: fileno
io.UnsupportedOperation: fileno
Not Found: /media/products/%E5%B8%A6%E6%91%84%E5%83%8F%E5%A4%B4%E6%AC%BE%E5%A4%96%E8%A7%822.png
Not Found: /media/products/%E5%B8%A6%E6%91%84%E5%83%8F%E5%A4%B4%E6%AC%BE%E5%A4%96%E8%A7%822_aQsm8jo.png
Not Found: /media/products/%E6%AD%A3%E8%A7%86%E5%9B%BE.png
Not Found: /media/products/DS-D5024FN10_1_%E6%AD%A3%E8%A7%86%E5%9B%BE.png
Not Found: /media/products/%E6%AD%A3%E8%A7%86%E5%9B%BE_1.png
Not Found: /media/products/%E5%B8%A6%E6%91%84%E5%83%8F%E5%A4%B4%E6%AC%BE%E5%A4%96%E8%A7%822.png
Not Found: /media/products/%E5%B8%A6%E6%91%84%E5%83%8F%E5%A4%B4%E6%AC%BE%E5%A4%96%E8%A7%822_aQsm8jo.png
Not Found: /media/products/%E6%AD%A3%E8%A7%86%E5%9B%BE.png
Not Found: /media/products/%E6%AD%A3%E8%A7%86%E5%9B%BE_1.png
Not Found: /media/products/DS-D5024FN10_1_%E6%AD%A3%E8%A7%86%E5%9B%BE.png
Not Found: /media/products/%E6%AD%A3%E8%A7%86%E5%9B%BE_1.png
Not Found: /media/products/%E5%B8%A6%E6%91%84%E5%83%8F%E5%A4%B4%E6%AC%BE%E5%A4%96%E8%A7%822.png
Not Found: /media/products/%E6%AD%A3%E8%A7%86%E5%9B%BE.png
Not Found: /media/products/DS-D5024FN10_1_%E6%AD%A3%E8%A7%86%E5%9B%BE.png
Not Found: /media/products/%E5%B8%A6%E6%91%84%E5%83%8F%E5%A4%B4%E6%AC%BE%E5%A4%96%E8%A7%822_aQsm8jo.png
Not Found: /media/products/%E6%AD%A3%E8%A7%86%E5%9B%BE.png
Not Found: /media/products/%E5%B8%A6%E6%91%84%E5%83%8F%E5%A4%B4%E6%AC%BE%E5%A4%96%E8%A7%822.png
Not Found: /media/products/%E6%AD%A3%E8%A7%86%E5%9B%BE_1.png
Not Found: /media/products/DS-D5024FN10_1_%E6%AD%A3%E8%A7%86%E5%9B%BE.png
Not Found: /media/products/%E5%B8%A6%E6%91%84%E5%83%8F%E5%A4%B4%E6%AC%BE%E5%A4%96%E8%A7%822_aQsm8jo.png
Not Found: /media/products/%E5%B8%A6%E6%91%84%E5%83%8F%E5%A4%B4%E6%AC%BE%E5%A4%96%E8%A7%822.png
Not Found: /media/products/%E5%B8%A6%E6%91%84%E5%83%8F%E5%A4%B4%E6%AC%BE%E5%A4%96%E8%A7%822_aQsm8jo.png
Not Found: /media/products/%E6%AD%A3%E8%A7%86%E5%9B%BE.png
Not Found: /media/products/%E6%AD%A3%E8%A7%86%E5%9B%BE_1.png
Not Found: /media/products/DS-D5024FN10_1_%E6%AD%A3%E8%A7%86%E5%9B%BE.png
Not Found: /media/products/%E5%B8%A6%E6%91%84%E5%83%8F%E5%A4%B4%E6%AC%BE%E5%A4%96%E8%A7%822_aQsm8jo.png
Not Found: /media/products/%E5%B8%A6%E6%91%84%E5%83%8F%E5%A4%B4%E6%AC%BE%E5%A4%96%E8%A7%822.png
Not Found: /media/products/%E6%AD%A3%E8%A7%86%E5%9B%BE_1.png
Not Found: /media/products/%E6%AD%A3%E8%A7%86%E5%9B%BE.png
Not Found: /media/products/DS-D5024FN10_1_%E6%AD%A3%E8%A7%86%E5%9B%BE.png
Not Found: /media/products/%E5%B8%A6%E6%91%84%E5%83%8F%E5%A4%B4%E6%AC%BE%E5%A4%96%E8%A7%822.png
Not Found: /media/products/%E6%AD%A3%E8%A7%86%E5%9B%BE_1.png
Not Found: /media/products/DS-D5024FN10_1_%E6%AD%A3%E8%A7%86%E5%9B%BE.png
Not Found: /media/products/%E6%AD%A3%E8%A7%86%E5%9B%BE.png
Not Found: /media/products/%E5%B8%A6%E6%91%84%E5%83%8F%E5%A4%B4%E6%AC%BE%E5%A4%96%E8%A7%822_aQsm8jo.png
io.UnsupportedOperation: fileno
Not Found: /product/ds-7608ni-k2-8p/
Not Found: /media/products/DS-D5024FN10_1_%E6%AD%A3%E8%A7%86%E5%9B%BE.png
Not Found: /media/products/%E6%AD%A3%E8%A7%86%E5%9B%BE_1.png
Not Found: /media/products/%E5%B8%A6%E6%91%84%E5%83%8F%E5%A4%B4%E6%AC%BE%E5%A4%96%E8%A7%822.png
Not Found: /media/products/%E5%B8%A6%E6%91%84%E5%83%8F%E5%A4%B4%E6%AC%BE%E5%A4%96%E8%A7%822_aQsm8jo.png
Not Found: /media/products/%E6%AD%A3%E8%A7%86%E5%9B%BE.png
io.UnsupportedOperation: fileno
io.UnsupportedOperation: fileno
Not Found: /media/products/%E5%B8%A6%E6%91%84%E5%83%8F%E5%A4%B4%E6%AC%BE%E5%A4%96%E8%A7%822.png
Not Found: /media/products/%E5%B8%A6%E6%91%84%E5%83%8F%E5%A4%B4%E6%AC%BE%E5%A4%96%E8%A7%822_aQsm8jo.png
Not Found: /media/products/%E6%AD%A3%E8%A7%86%E5%9B%BE_1.png
Not Found: /media/products/DS-D5024FN10_1_%E6%AD%A3%E8%A7%86%E5%9B%BE.png
Not Found: /media/products/%E6%AD%A3%E8%A7%86%E5%9B%BE.png
Not Found: /media/products/%E6%AD%A3%E8%A7%86%E5%9B%BE.png
Not Found: /media/products/DS-D5024FN10_1_%E6%AD%A3%E8%A7%86%E5%9B%BE.png
Not Found: /media/products/%E6%AD%A3%E8%A7%86%E5%9B%BE_1.png
Not Found: /media/products/%E5%B8%A6%E6%91%84%E5%83%8F%E5%A4%B4%E6%AC%BE%E5%A4%96%E8%A7%822_aQsm8jo.png
Not Found: /media/products/%E5%B8%A6%E6%91%84%E5%83%8F%E5%A4%B4%E6%AC%BE%E5%A4%96%E8%A7%822.png
Not Found: /media/products/%E5%B8%A6%E6%91%84%E5%83%8F%E5%A4%B4%E6%AC%BE%E5%A4%96%E8%A7%822.png
Not Found: /media/products/%E5%B8%A6%E6%91%84%E5%83%8F%E5%A4%B4%E6%AC%BE%E5%A4%96%E8%A7%822_aQsm8jo.png
Not Found: /media/products/DS-D5024FN10_1_%E6%AD%A3%E8%A7%86%E5%9B%BE.png
Not Found: /media/products/%E6%AD%A3%E8%A7%86%E5%9B%BE.png
Not Found: /media/products/%E6%AD%A3%E8%A7%86%E5%9B%BE_1.png
Not Found: /inputs.php
Not Found: /wp-admin/network/index.php
Not Found: /wp-content/plugins/about.php
Not Found: /wp-content/backup/inputs.php
Not Found: /geju.php
Not Found: /wp-admin/js/index.php
Not Found: /wp.php
Not Found: /wp-content/uploads/inputs.php
Not Found: /wp-admin/images/index.php
Not Found: /wp-content/plugins/inputs.php
Not Found: /wp-admin/css/index.php
Not Found: /wp-content/plugins/about.php
Not Found: /wp-content/themes/inputs.php
Not Found: /wp-includes/SimplePie/Content/Type/index.php
Not Found: /geju.php
Not Found: /userfuns.php
Not Found: /wp-includes/Requests/Auth/index.php
Not Found: /wp.php
io.UnsupportedOperation: fileno
Not Found: /wp-content/plugins/userfuns.php
Not Found: /wp-admin/css/colors/index.php
Not Found: /wp-content/themes/userfuns.php
Not Found: /wp-content/languages/index.php
Not Found: /wp-admin/css/about.php
Not Found: /wp-content/upgrade/index.php
Not Found: /wp-content/themes/about.php
Not Found: /wp-content/IXR/index.php
Not Found: /wp-login.php
Not Found: /2021/04/17/c8c-ezviz/
Invalid HTTP_HOST header: 'mail.cctvnepal.com.np'. You may need to add 'mail.cctvnepal.com.np' to ALLOWED_HOSTS.
Bad Request: /
Invalid HTTP_HOST header: 'mail.cctvnepal.com.np'. You may need to add 'mail.cctvnepal.com.np' to ALLOWED_HOSTS.
Bad Request: /favicon.ico
Invalid HTTP_HOST header: 'mail.cctvnepal.com.np'. You may need to add 'mail.cctvnepal.com.np' to ALLOWED_HOSTS.
Bad Request: /
Invalid HTTP_HOST header: 'mail.cctvnepal.com.np'. You may need to add 'mail.cctvnepal.com.np' to ALLOWED_HOSTS.
Bad Request: /favicon.ico
Not Found: /meta.json
io.UnsupportedOperation: fileno
Not Found: /robots.txt
Not Found: /robots.txt
io.UnsupportedOperation: fileno
